[12:28:47] Anti-Cheat System gestartet
[12:28:47] Thread erfolgreich vor Debuggern versteckt
[12:28:47] Überwachung für aktuellen Prozess eingerichtet
[12:28:47] Datei existiert nicht: main.exe
[12:28:47] Datei existiert nicht: settings.ini
[12:28:47] MemoryMonitor gestartet
[12:28:47] Checksummen-Monitor gestartet
[12:28:47] Anti-Debug Überwachung gestartet
[12:28:47] Standard IsDebuggerPresent erkannte einen Debugger
[12:28:47] Debugger erkannt!
[12:28:48] Standard IsDebuggerPresent erkannte einen Debugger
[12:28:48] Debugger erkannt!
[12:28:49] Standard IsDebuggerPresent erkannte einen Debugger
[12:28:49] Debugger erkannt!
[12:28:50] Standard IsDebuggerPresent erkannte einen Debugger
[12:28:50] Debugger erkannt!
[12:28:51] Standard IsDebuggerPresent erkannte einen Debugger
[12:28:51] Debugger erkannt!
[12:28:52] Standard IsDebuggerPresent erkannte einen Debugger
[12:28:52] Debugger erkannt!
[12:28:53] Standard IsDebuggerPresent erkannte einen Debugger
[12:28:53] Debugger erkannt!
[12:28:54] Standard IsDebuggerPresent erkannte einen Debugger
[12:28:54] Debugger erkannt!
[12:28:55] Standard IsDebuggerPresent erkannte einen Debugger
[12:28:55] Debugger erkannt!
[12:28:56] Standard IsDebuggerPresent erkannte einen Debugger
[12:28:56] Debugger erkannt!
[12:28:57] Standard IsDebuggerPresent erkannte einen Debugger
[12:28:57] Debugger erkannt!
[12:28:58] Standard IsDebuggerPresent erkannte einen Debugger
[12:28:58] Debugger erkannt!
[12:28:59] Standard IsDebuggerPresent erkannte einen Debugger
[12:28:59] Debugger erkannt!
[12:29:00] Standard IsDebuggerPresent erkannte einen Debugger
[12:29:00] Debugger erkannt!
[12:29:01] Standard IsDebuggerPresent erkannte einen Debugger
[12:29:01] Debugger erkannt!
[12:29:02] Standard IsDebuggerPresent erkannte einen Debugger
[12:29:02] Debugger erkannt!
[12:29:04] Standard IsDebuggerPresent erkannte einen Debugger
[12:29:04] Debugger erkannt!
[12:29:05] Standard IsDebuggerPresent erkannte einen Debugger
[12:29:05] Debugger erkannt!
[12:29:06] Standard IsDebuggerPresent erkannte einen Debugger
[12:29:06] Debugger erkannt!
[12:29:07] Standard IsDebuggerPresent erkannte einen Debugger
[12:29:07] Debugger erkannt!
[12:29:08] Standard IsDebuggerPresent erkannte einen Debugger
[12:29:08] Debugger erkannt!
[12:29:09] Standard IsDebuggerPresent erkannte einen Debugger
[12:29:09] Debugger erkannt!
[12:29:10] Standard IsDebuggerPresent erkannte einen Debugger
[12:29:10] Debugger erkannt!
[12:29:10] MemoryMonitor gestoppt
[12:29:11] Standard IsDebuggerPresent erkannte einen Debugger
[12:29:11] Debugger erkannt!
[12:29:11] Checksummen-Monitor gestoppt
[12:29:12] Anti-Debug Überwachung gestoppt
[12:29:12] Anti-Cheat System beendet
[12:29:12] Anti-Debug Überwachung gestoppt
[12:29:12] MemoryMonitor gestoppt
[12:31:29] Anti-Cheat System gestartet
[12:31:29] Thread erfolgreich vor Debuggern versteckt
[12:31:29] Überwachung für aktuellen Prozess eingerichtet
[12:31:29] Datei existiert nicht: main.exe
[12:31:29] Datei existiert nicht: settings.ini
[12:31:29] MemoryMonitor gestartet
[12:31:29] Checksummen-Monitor gestartet
[12:31:29] Anti-Debug Überwachung gestartet
[12:31:29] Standard IsDebuggerPresent erkannte einen Debugger
[12:31:29] Debugger erkannt!
[12:31:30] Standard IsDebuggerPresent erkannte einen Debugger
[12:31:30] Debugger erkannt!
[12:31:31] Standard IsDebuggerPresent erkannte einen Debugger
[12:31:31] Debugger erkannt!
[12:31:32] Standard IsDebuggerPresent erkannte einen Debugger
[12:31:32] Debugger erkannt!
[12:31:33] Standard IsDebuggerPresent erkannte einen Debugger
[12:31:33] Debugger erkannt!
[12:31:34] Standard IsDebuggerPresent erkannte einen Debugger
[12:31:34] Debugger erkannt!
[12:31:35] Standard IsDebuggerPresent erkannte einen Debugger
[12:31:35] Debugger erkannt!
[12:31:36] Standard IsDebuggerPresent erkannte einen Debugger
[12:31:36] Debugger erkannt!
[12:31:37] Standard IsDebuggerPresent erkannte einen Debugger
[12:31:37] Debugger erkannt!
[12:31:38] Standard IsDebuggerPresent erkannte einen Debugger
[12:31:38] Debugger erkannt!
[12:31:39] Standard IsDebuggerPresent erkannte einen Debugger
[12:31:39] Debugger erkannt!
[12:31:40] Standard IsDebuggerPresent erkannte einen Debugger
[12:31:40] Debugger erkannt!
[12:31:41] Standard IsDebuggerPresent erkannte einen Debugger
[12:31:41] Debugger erkannt!
[12:31:42] Standard IsDebuggerPresent erkannte einen Debugger
[12:31:42] Debugger erkannt!
[12:31:43] Standard IsDebuggerPresent erkannte einen Debugger
[12:31:43] Debugger erkannt!
[12:31:44] Standard IsDebuggerPresent erkannte einen Debugger
[12:31:44] Debugger erkannt!
[12:31:45] MemoryMonitor gestoppt
[12:31:45] Checksummen-Monitor gestoppt
[12:31:45] Anti-Debug Überwachung gestoppt
[12:31:45] Anti-Cheat System beendet
[12:31:45] Anti-Debug Überwachung gestoppt
[12:31:45] MemoryMonitor gestoppt
[12:46:20] Anti-Cheat System gestartet
[12:46:20] Thread erfolgreich vor Debuggern versteckt
[12:46:20] Überwachung für aktuellen Prozess eingerichtet
[12:46:20] Datei existiert nicht: main.exe
[12:46:20] Datei existiert nicht: settings.ini
[12:46:20] MemoryMonitor gestartet
[12:46:20] Checksummen-Monitor gestartet
[12:46:20] Anti-Debug Überwachung gestartet
[12:46:20] Standard IsDebuggerPresent erkannte einen Debugger
[12:46:20] Debugger erkannt!
[12:46:21] Standard IsDebuggerPresent erkannte einen Debugger
[12:46:21] Debugger erkannt!
[12:46:22] Standard IsDebuggerPresent erkannte einen Debugger
[12:46:22] Debugger erkannt!
[12:46:23] Standard IsDebuggerPresent erkannte einen Debugger
[12:46:23] Debugger erkannt!
[12:46:24] Standard IsDebuggerPresent erkannte einen Debugger
[12:46:24] Debugger erkannt!
[12:46:25] Standard IsDebuggerPresent erkannte einen Debugger
[12:46:25] Debugger erkannt!
[12:46:25] MemoryMonitor gestoppt
[12:46:26] Checksummen-Monitor gestoppt
[12:46:26] Anti-Debug Überwachung gestoppt
[12:46:26] Anti-Cheat System beendet
[12:46:26] Anti-Debug Überwachung gestoppt
[12:46:26] MemoryMonitor gestoppt
[13:13:49] Anti-Cheat System gestartet
[13:13:49] Thread erfolgreich vor Debuggern versteckt
[13:13:49] Überwachung für aktuellen Prozess eingerichtet
[13:13:49] Datei existiert nicht: main.exe
[13:13:49] Datei existiert nicht: settings.ini
[13:13:49] MemoryMonitor gestartet
[13:13:49] Checksummen-Monitor gestartet
[13:13:49] Standard IsDebuggerPresent erkannte einen Debugger
[13:13:49] Anti-Debug Überwachung gestartet
[13:13:49] Debugger erkannt!
[13:13:50] Standard IsDebuggerPresent erkannte einen Debugger
[13:13:50] Debugger erkannt!
[13:13:51] Standard IsDebuggerPresent erkannte einen Debugger
[13:13:51] Debugger erkannt!
[13:13:52] Standard IsDebuggerPresent erkannte einen Debugger
[13:13:52] Debugger erkannt!
[13:13:53] Standard IsDebuggerPresent erkannte einen Debugger
[13:13:53] Debugger erkannt!
[13:13:54] Standard IsDebuggerPresent erkannte einen Debugger
[13:13:54] Debugger erkannt!
[13:13:55] Standard IsDebuggerPresent erkannte einen Debugger
[13:13:55] Debugger erkannt!
[13:13:56] Standard IsDebuggerPresent erkannte einen Debugger
[13:13:56] Debugger erkannt!
[13:13:57] Standard IsDebuggerPresent erkannte einen Debugger
[13:13:57] Debugger erkannt!
[13:13:58] Standard IsDebuggerPresent erkannte einen Debugger
[13:13:58] Debugger erkannt!
[13:13:59] Standard IsDebuggerPresent erkannte einen Debugger
[13:13:59] Debugger erkannt!
[13:14:00] Standard IsDebuggerPresent erkannte einen Debugger
[13:14:00] Debugger erkannt!
[13:14:01] Standard IsDebuggerPresent erkannte einen Debugger
[13:14:01] Debugger erkannt!
[13:14:02] Standard IsDebuggerPresent erkannte einen Debugger
[13:14:02] Debugger erkannt!
[13:14:03] Standard IsDebuggerPresent erkannte einen Debugger
[13:14:03] Debugger erkannt!
[13:14:04] Standard IsDebuggerPresent erkannte einen Debugger
[13:14:04] Debugger erkannt!
[13:14:04] MemoryMonitor gestoppt
[13:14:05] Checksummen-Monitor gestoppt
[13:14:05] Anti-Debug Überwachung gestoppt
[13:14:05] Anti-Cheat System beendet
[13:14:05] Anti-Debug Überwachung gestoppt
[13:14:05] MemoryMonitor gestoppt
[13:27:16] Anti-Cheat System gestartet
[13:27:16] Thread erfolgreich vor Debuggern versteckt
[13:27:16] Überwachung für aktuellen Prozess eingerichtet
[13:27:16] Datei existiert nicht: main.exe
[13:27:16] Datei existiert nicht: settings.ini
[13:27:16] MemoryMonitor gestartet
[13:27:16] Checksummen-Monitor gestartet
[13:27:16] Anti-Debug Überwachung gestartet
[13:27:16] Standard IsDebuggerPresent erkannte einen Debugger
[13:27:16] Debugger erkannt!
[13:27:17] Standard IsDebuggerPresent erkannte einen Debugger
[13:27:17] Debugger erkannt!
[13:27:18] Standard IsDebuggerPresent erkannte einen Debugger
[13:27:18] Debugger erkannt!
[13:27:20] Standard IsDebuggerPresent erkannte einen Debugger
[13:27:20] Debugger erkannt!
[13:27:21] Standard IsDebuggerPresent erkannte einen Debugger
[13:27:21] Debugger erkannt!
[13:27:22] Standard IsDebuggerPresent erkannte einen Debugger
[13:27:22] Debugger erkannt!
[13:27:23] Standard IsDebuggerPresent erkannte einen Debugger
[13:27:23] Debugger erkannt!
[13:27:24] Standard IsDebuggerPresent erkannte einen Debugger
[13:27:24] Debugger erkannt!
[13:27:25] Standard IsDebuggerPresent erkannte einen Debugger
[13:27:25] Debugger erkannt!
[13:27:26] Standard IsDebuggerPresent erkannte einen Debugger
[13:27:26] Debugger erkannt!
[13:27:27] Standard IsDebuggerPresent erkannte einen Debugger
[13:27:27] Debugger erkannt!
[13:27:28] Standard IsDebuggerPresent erkannte einen Debugger
[13:27:28] Debugger erkannt!
[13:27:29] Standard IsDebuggerPresent erkannte einen Debugger
[13:27:29] Debugger erkannt!
[13:27:29] MemoryMonitor gestoppt
[13:27:30] Standard IsDebuggerPresent erkannte einen Debugger
[13:27:30] Debugger erkannt!
[13:27:31] Checksummen-Monitor gestoppt
[13:27:31] Anti-Debug Überwachung gestoppt
[13:27:31] Anti-Cheat System beendet
[13:27:31] Anti-Debug Überwachung gestoppt
[13:27:31] MemoryMonitor gestoppt
[14:12:58] Konfigurationsdatei gespeichert: config.ini
[14:12:58] Anti-Cheat System gestartet
[14:12:58] Thread erfolgreich vor Debuggern versteckt
[14:12:58] Überwachung für aktuellen Prozess eingerichtet
[14:12:58] Datei existiert nicht: main.exe
[14:12:58] Datei existiert nicht: settings.ini
[14:12:58] Datei zum Checksummen-Monitor hinzugefügt: config.ini
[14:12:58] MemoryMonitor gestartet
[14:12:58] Checksummen-Monitor gestartet
[14:12:58] Anti-Debug Überwachung gestartet
[14:12:58] Standard IsDebuggerPresent erkannte einen Debugger
[14:12:58] Debugger erkannt!
[14:12:59] Standard IsDebuggerPresent erkannte einen Debugger
[14:12:59] Debugger erkannt!
[14:13:00] Standard IsDebuggerPresent erkannte einen Debugger
[14:13:00] Debugger erkannt!
[14:13:01] Standard IsDebuggerPresent erkannte einen Debugger
[14:13:01] Debugger erkannt!
[14:13:02] Standard IsDebuggerPresent erkannte einen Debugger
[14:13:02] Debugger erkannt!
[14:13:03] Standard IsDebuggerPresent erkannte einen Debugger
[14:13:03] Debugger erkannt!
[14:13:04] Standard IsDebuggerPresent erkannte einen Debugger
[14:13:04] Debugger erkannt!
[14:13:05] Standard IsDebuggerPresent erkannte einen Debugger
[14:13:05] Debugger erkannt!
[14:13:06] Standard IsDebuggerPresent erkannte einen Debugger
[14:13:06] Debugger erkannt!
[14:13:07] Standard IsDebuggerPresent erkannte einen Debugger
[14:13:07] Debugger erkannt!
[14:13:08] Standard IsDebuggerPresent erkannte einen Debugger
[14:13:08] Debugger erkannt!
[14:13:09] Standard IsDebuggerPresent erkannte einen Debugger
[14:13:09] Debugger erkannt!
[14:13:10] Standard IsDebuggerPresent erkannte einen Debugger
[14:13:10] Debugger erkannt!
[14:13:11] Standard IsDebuggerPresent erkannte einen Debugger
[14:13:11] Debugger erkannt!
[14:13:12] Standard IsDebuggerPresent erkannte einen Debugger
[14:13:12] Debugger erkannt!
[14:13:13] Standard IsDebuggerPresent erkannte einen Debugger
[14:13:13] Debugger erkannt!
[14:13:14] Standard IsDebuggerPresent erkannte einen Debugger
[14:13:14] Debugger erkannt!
[14:13:15] Standard IsDebuggerPresent erkannte einen Debugger
[14:13:15] Debugger erkannt!
[14:13:16] Standard IsDebuggerPresent erkannte einen Debugger
[14:13:16] Debugger erkannt!
[14:13:17] Standard IsDebuggerPresent erkannte einen Debugger
[14:13:17] Debugger erkannt!
[14:13:18] Standard IsDebuggerPresent erkannte einen Debugger
[14:13:18] Debugger erkannt!
[14:13:19] Standard IsDebuggerPresent erkannte einen Debugger
[14:13:19] Debugger erkannt!
[14:13:20] Standard IsDebuggerPresent erkannte einen Debugger
[14:13:20] Debugger erkannt!
[14:13:21] Standard IsDebuggerPresent erkannte einen Debugger
[14:13:21] Debugger erkannt!
[14:13:22] Standard IsDebuggerPresent erkannte einen Debugger
[14:13:22] Debugger erkannt!
[14:13:23] Standard IsDebuggerPresent erkannte einen Debugger
[14:13:23] Debugger erkannt!
[14:13:24] Standard IsDebuggerPresent erkannte einen Debugger
[14:13:24] Debugger erkannt!
[14:13:25] Standard IsDebuggerPresent erkannte einen Debugger
[14:13:25] Debugger erkannt!
[14:13:26] Standard IsDebuggerPresent erkannte einen Debugger
[14:13:26] Debugger erkannt!
[14:13:27] Standard IsDebuggerPresent erkannte einen Debugger
[14:13:27] Debugger erkannt!
[14:13:28] Standard IsDebuggerPresent erkannte einen Debugger
[14:13:28] Debugger erkannt!
[14:13:29] Standard IsDebuggerPresent erkannte einen Debugger
[14:13:29] Debugger erkannt!
[14:13:30] Standard IsDebuggerPresent erkannte einen Debugger
[14:13:30] Debugger erkannt!
[14:13:31] Standard IsDebuggerPresent erkannte einen Debugger
[14:13:31] Debugger erkannt!
[14:13:32] Standard IsDebuggerPresent erkannte einen Debugger
[14:13:32] Debugger erkannt!
[14:13:33] Standard IsDebuggerPresent erkannte einen Debugger
[14:13:33] Debugger erkannt!
[14:13:34] Standard IsDebuggerPresent erkannte einen Debugger
[14:13:34] Debugger erkannt!
[14:13:35] Standard IsDebuggerPresent erkannte einen Debugger
[14:13:35] Debugger erkannt!
[14:13:36] Standard IsDebuggerPresent erkannte einen Debugger
[14:13:36] Debugger erkannt!
[14:13:37] Standard IsDebuggerPresent erkannte einen Debugger
[14:13:37] Debugger erkannt!
[14:13:38] Standard IsDebuggerPresent erkannte einen Debugger
[14:13:38] Debugger erkannt!
[14:13:39] Standard IsDebuggerPresent erkannte einen Debugger
[14:13:39] Debugger erkannt!
[14:13:40] Standard IsDebuggerPresent erkannte einen Debugger
[14:13:40] Debugger erkannt!
[14:13:41] Standard IsDebuggerPresent erkannte einen Debugger
[14:13:41] Debugger erkannt!
[14:13:42] Standard IsDebuggerPresent erkannte einen Debugger
[14:13:42] Debugger erkannt!
[14:13:43] Standard IsDebuggerPresent erkannte einen Debugger
[14:13:43] Debugger erkannt!
[14:13:44] Standard IsDebuggerPresent erkannte einen Debugger
[14:13:44] Debugger erkannt!
[14:13:45] Standard IsDebuggerPresent erkannte einen Debugger
[14:13:45] Debugger erkannt!
[14:13:46] Standard IsDebuggerPresent erkannte einen Debugger
[14:13:46] Debugger erkannt!
[14:13:47] Standard IsDebuggerPresent erkannte einen Debugger
[14:13:47] Debugger erkannt!
[14:13:48] Standard IsDebuggerPresent erkannte einen Debugger
[14:13:48] Debugger erkannt!
[14:13:49] Standard IsDebuggerPresent erkannte einen Debugger
[14:13:49] Debugger erkannt!
[14:13:50] Standard IsDebuggerPresent erkannte einen Debugger
[14:13:50] Debugger erkannt!
[14:13:51] Standard IsDebuggerPresent erkannte einen Debugger
[14:13:51] Debugger erkannt!
[14:13:52] Standard IsDebuggerPresent erkannte einen Debugger
[14:13:52] Debugger erkannt!
[14:13:53] Standard IsDebuggerPresent erkannte einen Debugger
[14:13:53] Debugger erkannt!
[14:13:54] Standard IsDebuggerPresent erkannte einen Debugger
[14:13:54] Debugger erkannt!
[14:13:56] Standard IsDebuggerPresent erkannte einen Debugger
[14:13:56] Debugger erkannt!
[14:13:57] Standard IsDebuggerPresent erkannte einen Debugger
[14:13:57] Debugger erkannt!
[14:13:58] Standard IsDebuggerPresent erkannte einen Debugger
[14:13:58] Debugger erkannt!
[14:13:59] Standard IsDebuggerPresent erkannte einen Debugger
[14:13:59] Debugger erkannt!
[14:14:00] Standard IsDebuggerPresent erkannte einen Debugger
[14:14:00] Debugger erkannt!
[14:14:01] Standard IsDebuggerPresent erkannte einen Debugger
[14:14:01] Debugger erkannt!
[14:14:02] Standard IsDebuggerPresent erkannte einen Debugger
[14:14:02] Debugger erkannt!
[14:14:03] Standard IsDebuggerPresent erkannte einen Debugger
[14:14:03] Debugger erkannt!
[14:14:04] Standard IsDebuggerPresent erkannte einen Debugger
[14:14:04] Debugger erkannt!
[14:14:05] Standard IsDebuggerPresent erkannte einen Debugger
[14:14:05] Debugger erkannt!
[14:14:06] Standard IsDebuggerPresent erkannte einen Debugger
[14:14:06] Debugger erkannt!
[14:14:07] Standard IsDebuggerPresent erkannte einen Debugger
[14:14:07] Debugger erkannt!
[14:14:08] Standard IsDebuggerPresent erkannte einen Debugger
[14:14:08] Debugger erkannt!
[14:14:09] Standard IsDebuggerPresent erkannte einen Debugger
[14:14:09] Debugger erkannt!
[14:14:10] Standard IsDebuggerPresent erkannte einen Debugger
[14:14:10] Debugger erkannt!
[14:14:11] Standard IsDebuggerPresent erkannte einen Debugger
[14:14:11] Debugger erkannt!
[14:14:12] Standard IsDebuggerPresent erkannte einen Debugger
[14:14:12] Debugger erkannt!
[14:14:13] Standard IsDebuggerPresent erkannte einen Debugger
[14:14:13] Debugger erkannt!
[14:14:14] Standard IsDebuggerPresent erkannte einen Debugger
[14:14:14] Debugger erkannt!
[14:14:15] Standard IsDebuggerPresent erkannte einen Debugger
[14:14:15] Debugger erkannt!
[14:14:16] Standard IsDebuggerPresent erkannte einen Debugger
[14:14:16] Debugger erkannt!
[14:14:17] Standard IsDebuggerPresent erkannte einen Debugger
[14:14:17] Debugger erkannt!
[14:14:18] Standard IsDebuggerPresent erkannte einen Debugger
[14:14:18] Debugger erkannt!
[14:14:19] Standard IsDebuggerPresent erkannte einen Debugger
[14:14:19] Debugger erkannt!
[14:14:20] Standard IsDebuggerPresent erkannte einen Debugger
[14:14:20] Debugger erkannt!
[14:14:21] Standard IsDebuggerPresent erkannte einen Debugger
[14:14:21] Debugger erkannt!
[14:14:22] Standard IsDebuggerPresent erkannte einen Debugger
[14:14:22] Debugger erkannt!
[14:14:23] Standard IsDebuggerPresent erkannte einen Debugger
[14:14:23] Debugger erkannt!
[14:14:24] Standard IsDebuggerPresent erkannte einen Debugger
[14:14:24] Debugger erkannt!
[14:14:25] Standard IsDebuggerPresent erkannte einen Debugger
[14:14:25] Debugger erkannt!
[14:14:26] Standard IsDebuggerPresent erkannte einen Debugger
[14:14:26] Debugger erkannt!
[14:14:27] Standard IsDebuggerPresent erkannte einen Debugger
[14:14:27] Debugger erkannt!
[14:14:28] Standard IsDebuggerPresent erkannte einen Debugger
[14:14:28] Debugger erkannt!
[14:14:29] Standard IsDebuggerPresent erkannte einen Debugger
[14:14:29] Debugger erkannt!
[14:14:30] Standard IsDebuggerPresent erkannte einen Debugger
[14:14:30] Debugger erkannt!
[14:14:31] Standard IsDebuggerPresent erkannte einen Debugger
[14:14:31] Debugger erkannt!
[14:14:31] MemoryMonitor gestoppt
[14:14:32] Standard IsDebuggerPresent erkannte einen Debugger
[14:14:32] Debugger erkannt!
[14:14:32] Checksummen-Monitor gestoppt
[14:14:33] Anti-Debug Überwachung gestoppt
[14:14:33] Anti-Cheat System beendet
[14:14:33] Anti-Debug Überwachung gestoppt
[14:14:33] MemoryMonitor gestoppt
